[
  {
    "file_path": "app/models/user.rb",
    "class_name": "User",
    "method_name": "can_access_feature?",
    "line_number": 21,
    "score": 10.9,
    "details": {
      "coverage": 0.0,
      "complexity": 7,
      "git_commits": 0
    },
    "suggested_scenarios": [
      "inactive? || suspended?がtrueの場合",
      "inactive? || suspended?がfalseの場合",
      "admin?がtrueの場合",
      "admin?がfalseの場合",
      "feature_nameが'analytics'の場合",
      "feature_nameが'export'の場合",
      "feature_nameがその他の値の場合",
      "premium?がtrueの場合",
      "premium?がfalseの場合",
      "active?がtrueの場合",
      "active?がfalseの場合"
    ]
  },
  {
    "file_path": "app/models/user.rb",
    "class_name": "User",
    "method_name": "calculate_discount",
    "line_number": 35,
    "score": 7.9,
    "details": {
      "coverage": 0.0,
      "complexity": 4,
      "git_commits": 0
    },
    "suggested_scenarios": [
      "premium?がtrueの場合",
      "premium?がfalseの場合",
      "admin?がtrueの場合",
      "admin?がfalseの場合",
      "created_at < 1.year.agoがtrueの場合",
      "created_at < 1.year.agoがfalseの場合"
    ]
  },
  {
    "file_path": "app/services/payment_service.rb",
    "class_name": "PaymentService",
    "method_name": "calculate_fee",
    "line_number": 8,
    "score": 7.7,
    "details": {
      "coverage": 0.0,
      "complexity": 5,
      "git_commits": 0
    },
    "suggested_scenarios": [
      "premium?がtrueの場合",
      "premium?がfalseの場合",
      "admin?がtrueの場合",
      "admin?がfalseの場合",
      "active?がtrueの場合",
      "active?がfalseの場合",
      "monthly_transaction_count >= 10がtrueの場合",
      "monthly_transaction_count >= 10がfalseの場合"
    ]
  },
  {
    "file_path": "app/services/payment_service.rb",
    "class_name": "PaymentService",
    "method_name": "process_payment",
    "line_number": 28,
    "score": 7.7,
    "details": {
      "coverage": 0.0,
      "complexity": 5,
      "git_commits": 0
    },
    "suggested_scenarios": [
      "locked?がtrueの場合",
      "locked?がfalseの場合",
      "payment_methodが'credit_card'の場合",
      "payment_methodが'bank_transfer'の場合",
      "payment_methodが'paypal'の場合",
      "payment_methodがその他の値の場合"
    ]
  },
  {
    "file_path": "app/controllers/users_controller.rb",
    "class_name": "UsersController",
    "method_name": "index",
    "line_number": 6,
    "score": 4.3,
    "details": {
      "coverage": 0.0,
      "complexity": 1,
      "git_commits": 0
    },
    "suggested_scenarios": [
      "params[:status].present?がtrueの場合",
      "params[:status].present?がfalseの場合",
      "params[:premium].present?がtrueの場合",
      "params[:premium].present?がfalseの場合",
      "present?がtrueの場合",
      "present?がfalseの場合"
    ]
  },
  {
    "file_path": "app/controllers/users_controller.rb",
    "class_name": "UsersController",
    "method_name": "show",
    "line_number": 16,
    "score": 4.3,
    "details": {
      "coverage": 0.0,
      "complexity": 1,
      "git_commits": 0
    },
    "suggested_scenarios": [
      "current_user.admin? || current_user == @userがtrueの場合",
      "current_user.admin? || current_user == @userがfalseの場合",
      "admin?がtrueの場合",
      "admin?がfalseの場合"
    ]
  },
  {
    "file_path": "app/controllers/users_controller.rb",
    "class_name": "UsersController",
    "method_name": "create",
    "line_number": 23,
    "score": 4.3,
    "details": {
      "coverage": 0.0,
      "complexity": 1,
      "git_commits": 0
    },
    "suggested_scenarios": [
      "saveがtrueの場合",
      "saveがfalseの場合",
      "params[:send_welcome_email]がtrueの場合",
      "params[:send_welcome_email]がfalseの場合"
    ]
  },
  {
    "file_path": "app/controllers/users_controller.rb",
    "class_name": "UsersController",
    "method_name": "update",
    "line_number": 34,
    "score": 4.3,
    "details": {
      "coverage": 0.0,
      "complexity": 1,
      "git_commits": 0
    },
    "suggested_scenarios": [
      "update(user_params)がtrueの場合",
      "update(user_params)がfalseの場合",
      "user_params[:status] == 'suspended'がtrueの場合",
      "user_params[:status] == 'suspended'がfalseの場合"
    ]
  },
  {
    "file_path": "app/controllers/users_controller.rb",
    "class_name": "UsersController",
    "method_name": "set_user",
    "line_number": 45,
    "score": 4.3,
    "details": {
      "coverage": 0.0,
      "complexity": 1,
      "git_commits": 0
    },
    "suggested_scenarios": []
  },
  {
    "file_path": "app/controllers/users_controller.rb",
    "class_name": "UsersController",
    "method_name": "user_params",
    "line_number": 49,
    "score": 4.3,
    "details": {
      "coverage": 0.0,
      "complexity": 1,
      "git_commits": 0
    },
    "suggested_scenarios": []
  },
  {
    "file_path": "app/controllers/users_controller.rb",
    "class_name": "UsersController",
    "method_name": "log_suspension_action",
    "line_number": 53,
    "score": 4.3,
    "details": {
      "coverage": 0.0,
      "complexity": 1,
      "git_commits": 0
    },
    "suggested_scenarios": []
  },
  {
    "file_path": "app/controllers/users_controller.rb",
    "class_name": "UsersController",
    "method_name": "current_user",
    "line_number": 57,
    "score": 4.3,
    "details": {
      "coverage": 0.0,
      "complexity": 1,
      "git_commits": 0
    },
    "suggested_scenarios": []
  },
  {
    "file_path": "packs/users/app/models/users/user_profile.rb",
    "class_name": "UserProfile",
    "method_name": "display_name",
    "line_number": 5,
    "score": 3.7,
    "details": {
      "coverage": 0.0,
      "complexity": 1,
      "git_commits": 0
    },
    "suggested_scenarios": [
      "name.empty?がtrueの場合",
      "name.empty?がfalseの場合",
      "name.length < 5がtrueの場合",
      "name.length < 5がfalseの場合",
      "name.length > 10がtrueの場合",
      "name.length > 10がfalseの場合",
      "complexity_score.positive?がtrueの場合",
      "complexity_score.positive?がfalseの場合",
      "empty?がtrueの場合",
      "empty?がfalseの場合"
    ]
  }
]